../Core/Src/main.c:77:6:PCA9685_SetBit	40	static
../Core/Src/main.c:89:6:PCA9685_SetPWMFrequency	40	static
../Core/Src/main.c:106:6:PCA9685_Init	16	static
../Core/Src/main.c:111:6:PCA9685_SetPWM	40	static
../Core/Src/main.c:123:6:PCA9685_SetServoAngle	24	static
../Core/Src/main.c:137:5:main	24	static
../Core/Src/main.c:240:6:SystemClock_Config	88	static
../Core/Src/main.c:285:13:MX_I2C1_Init	8	static
../Core/Src/main.c:317:13:MX_USART2_UART_Init	8	static
../Core/Src/main.c:348:13:MX_GPIO_Init	48	static
../Core/Src/main.c:387:6:Error_Handler	4	static,ignoring_inline_asm
